// Jest Snapshot v1, https://goo.gl/fbAQLP

exports[`containers/statFiltersPanel renders in in initial state 1`] = `
<MemoryRouter
  initialEntries={
    Array [
      "/",
    ]
  }
  keyLength={0}
>
  <Connect(FiltersPanelContainer)
    onFiltersChange={[Function]}
  />
</MemoryRouter>
`;
