// Jest Snapshot v1, https://goo.gl/fbAQLP

exports[`actions/common dispatches a reset action 1`] = `[Function]`;
